// Jest Snapshot v1, https://goo.gl/fbAQLP

exports[`render app 1`] = `
<div>
  React Electron Boilerplate by intocode Co., Ltd.
</div>
`;
